  ScanToOrder.Domain -> D:\FPT\SEP490\Project\sep-backend\ScanToOrder.Domain\bin\Debug\net8.0\ScanToOrder.Domain.dll
D:\FPT\SEP490\Project\sep-backend\ScanToOrder.Application\DTOs\SystemBlog\AddSystemBlogDtoResponse.cs(11,29): warning CS0109: The member 'AddSystemBlogDtoResponse.CreatedAt' does not hide an accessible member. The new keyword is not required. [D:\FPT\SEP490\Project\sep-backend\ScanToOrder.Application\ScanToOrder.Application.csproj]
D:\FPT\SEP490\Project\sep-backend\ScanToOrder.Application\DTOs\SystemBlog\AddSystemBlogDtoResponse.cs(12,29): warning CS0109: The member 'AddSystemBlogDtoResponse.UpdatedAt' does not hide an accessible member. The new keyword is not required. [D:\FPT\SEP490\Project\sep-backend\ScanToOrder.Application\ScanToOrder.Application.csproj]
D:\FPT\SEP490\Project\sep-backend\ScanToOrder.Application\DTOs\SystemBlog\BlogDetailDto.cs(10,29): warning CS0109: The member 'BlogDetailDto.CreatedAt' does not hide an accessible member. The new keyword is not required. [D:\FPT\SEP490\Project\sep-backend\ScanToOrder.Application\ScanToOrder.Application.csproj]
D:\FPT\SEP490\Project\sep-backend\ScanToOrder.Application\DTOs\SystemBlog\BlogDetailDto.cs(11,29): warning CS0109: The member 'BlogDetailDto.UpdatedAt' does not hide an accessible member. The new keyword is not required. [D:\FPT\SEP490\Project\sep-backend\ScanToOrder.Application\ScanToOrder.Application.csproj]
D:\FPT\SEP490\Project\sep-backend\ScanToOrder.Application\DTOs\SystemBlog\SystemBlogDto.cs(9,29): warning CS0109: The member 'SystemBlogDto.CreatedAt' does not hide an accessible member. The new keyword is not required. [D:\FPT\SEP490\Project\sep-backend\ScanToOrder.Application\ScanToOrder.Application.csproj]
D:\FPT\SEP490\Project\sep-backend\ScanToOrder.Application\DTOs\SystemBlog\SystemBlogDto.cs(10,29): warning CS0109: The member 'SystemBlogDto.UpdatedAt' does not hide an accessible member. The new keyword is not required. [D:\FPT\SEP490\Project\sep-backend\ScanToOrder.Application\ScanToOrder.Application.csproj]
D:\FPT\SEP490\Project\sep-backend\ScanToOrder.Application\DTOs\User\VerifyForgotPasswordOtpRequest.cs(5,23): warning CS8618: Non-nullable property 'OtpCode' must contain a non-null value when exiting constructor. Consider adding the 'required' modifier or declaring the property as nullable. [D:\FPT\SEP490\Project\sep-backend\ScanToOrder.Application\ScanToOrder.Application.csproj]
D:\FPT\SEP490\Project\sep-backend\ScanToOrder.Application\DTOs\User\VerifyForgotPasswordOtpRequest.cs(6,23): warning CS8618: Non-nullable property 'Email' must contain a non-null value when exiting constructor. Consider adding the 'required' modifier or declaring the property as nullable. [D:\FPT\SEP490\Project\sep-backend\ScanToOrder.Application\ScanToOrder.Application.csproj]
D:\FPT\SEP490\Project\sep-backend\ScanToOrder.Application\DTOs\SystemBlog\AddSystemBlogDtoResponse.cs(16,23): warning CS8618: Non-nullable property 'ThumbnailUrl' must contain a non-null value when exiting constructor. Consider adding the 'required' modifier or declaring the property as nullable. [D:\FPT\SEP490\Project\sep-backend\ScanToOrder.Application\ScanToOrder.Application.csproj]
D:\FPT\SEP490\Project\sep-backend\ScanToOrder.Application\Services\AuthService.cs(155,73): warning CS8602: Dereference of a possibly null reference. [D:\FPT\SEP490\Project\sep-backend\ScanToOrder.Application\ScanToOrder.Application.csproj]
D:\FPT\SEP490\Project\sep-backend\ScanToOrder.Application\Services\AuthService.cs(158,39): warning CS8602: Dereference of a possibly null reference. [D:\FPT\SEP490\Project\sep-backend\ScanToOrder.Application\ScanToOrder.Application.csproj]
D:\FPT\SEP490\Project\sep-backend\ScanToOrder.Application\DTOs\Restaurant\AssignPresentCashierDto.cs(12,23): warning CS8618: Non-nullable property 'CashierName' must contain a non-null value when exiting constructor. Consider adding the 'required' modifier or declaring the property as nullable. [D:\FPT\SEP490\Project\sep-backend\ScanToOrder.Application\ScanToOrder.Application.csproj]
D:\FPT\SEP490\Project\sep-backend\ScanToOrder.Application\DTOs\Plan\CheckoutPreviewItemResponse.cs(8,19): warning CS8618: Non-nullable property 'RestaurantName' must contain a non-null value when exiting constructor. Consider adding the 'required' modifier or declaring the property as nullable. [D:\FPT\SEP490\Project\sep-backend\ScanToOrder.Application\ScanToOrder.Application.csproj]
D:\FPT\SEP490\Project\sep-backend\ScanToOrder.Application\DTOs\Plan\CheckoutPreviewItemResponse.cs(12,19): warning CS8618: Non-nullable property 'TargetPlanName' must contain a non-null value when exiting constructor. Consider adding the 'required' modifier or declaring the property as nullable. [D:\FPT\SEP490\Project\sep-backend\ScanToOrder.Application\ScanToOrder.Application.csproj]
D:\FPT\SEP490\Project\sep-backend\ScanToOrder.Application\DTOs\Plan\CheckoutPreviewItemResponse.cs(20,19): warning CS8618: Non-nullable property 'Message' must contain a non-null value when exiting constructor. Consider adding the 'required' modifier or declaring the property as nullable. [D:\FPT\SEP490\Project\sep-backend\ScanToOrder.Application\ScanToOrder.Application.csproj]
D:\FPT\SEP490\Project\sep-backend\ScanToOrder.Application\DTOs\Payment\PaymentResult.cs(7,19): warning CS8618: Non-nullable property 'Reference' must contain a non-null value when exiting constructor. Consider adding the 'required' modifier or declaring the property as nullable. [D:\FPT\SEP490\Project\sep-backend\ScanToOrder.Application\ScanToOrder.Application.csproj]
D:\FPT\SEP490\Project\sep-backend\ScanToOrder.Application\DTOs\Payment\PaymentResult.cs(8,19): warning CS8618: Non-nullable property 'CounterAccountName' must contain a non-null value when exiting constructor. Consider adding the 'required' modifier or declaring the property as nullable. [D:\FPT\SEP490\Project\sep-backend\ScanToOrder.Application\ScanToOrder.Application.csproj]
D:\FPT\SEP490\Project\sep-backend\ScanToOrder.Application\DTOs\Payment\PaymentResult.cs(9,19): warning CS8618: Non-nullable property 'BankBin' must contain a non-null value when exiting constructor. Consider adding the 'required' modifier or declaring the property as nullable. [D:\FPT\SEP490\Project\sep-backend\ScanToOrder.Application\ScanToOrder.Application.csproj]
D:\FPT\SEP490\Project\sep-backend\ScanToOrder.Application\DTOs\Payment\PaymentResult.cs(10,19): warning CS8618: Non-nullable property 'AccountNumber' must contain a non-null value when exiting constructor. Consider adding the 'required' modifier or declaring the property as nullable. [D:\FPT\SEP490\Project\sep-backend\ScanToOrder.Application\ScanToOrder.Application.csproj]
D:\FPT\SEP490\Project\sep-backend\ScanToOrder.Application\DTOs\Payment\PaymentResult.cs(11,19): warning CS8618: Non-nullable property 'Description' must contain a non-null value when exiting constructor. Consider adding the 'required' modifier or declaring the property as nullable. [D:\FPT\SEP490\Project\sep-backend\ScanToOrder.Application\ScanToOrder.Application.csproj]
D:\FPT\SEP490\Project\sep-backend\ScanToOrder.Application\DTOs\Otp\OtpRedisModel.cs(5,23): warning CS8618: Non-nullable property 'OtpCode' must contain a non-null value when exiting constructor. Consider adding the 'required' modifier or declaring the property as nullable. [D:\FPT\SEP490\Project\sep-backend\ScanToOrder.Application\ScanToOrder.Application.csproj]
D:\FPT\SEP490\Project\sep-backend\ScanToOrder.Application\DTOs\Otp\OtpRedisModel.cs(6,23): warning CS8618: Non-nullable property 'Purpose' must contain a non-null value when exiting constructor. Consider adding the 'required' modifier or declaring the property as nullable. [D:\FPT\SEP490\Project\sep-backend\ScanToOrder.Application\ScanToOrder.Application.csproj]
D:\FPT\SEP490\Project\sep-backend\ScanToOrder.Application\DTOs\Other\PagedResult.cs(5,31): warning CS8618: Non-nullable property 'Items' must contain a non-null value when exiting constructor. Consider adding the 'required' modifier or declaring the property as nullable. [D:\FPT\SEP490\Project\sep-backend\ScanToOrder.Application\ScanToOrder.Application.csproj]
D:\FPT\SEP490\Project\sep-backend\ScanToOrder.Application\DTOs\Orders\KdsOrderResponse.cs(11,23): warning CS8618: Non-nullable property 'Id' must contain a non-null value when exiting constructor. Consider adding the 'required' modifier or declaring the property as nullable. [D:\FPT\SEP490\Project\sep-backend\ScanToOrder.Application\ScanToOrder.Application.csproj]
D:\FPT\SEP490\Project\sep-backend\ScanToOrder.Application\DTOs\Orders\KdsOrderResponse.cs(12,23): warning CS8618: Non-nullable property 'Phone' must contain a non-null value when exiting constructor. Consider adding the 'required' modifier or declaring the property as nullable. [D:\FPT\SEP490\Project\sep-backend\ScanToOrder.Application\ScanToOrder.Application.csproj]
D:\FPT\SEP490\Project\sep-backend\ScanToOrder.Application\DTOs\Orders\KdsOrderResponse.cs(20,38): warning CS8618: Non-nullable property 'Items' must contain a non-null value when exiting constructor. Consider adding the 'required' modifier or declaring the property as nullable. [D:\FPT\SEP490\Project\sep-backend\ScanToOrder.Application\ScanToOrder.Application.csproj]
D:\FPT\SEP490\Project\sep-backend\ScanToOrder.Application\DTOs\Orders\KdsItemResponse.cs(11,23): warning CS8618: Non-nullable property 'Id' must contain a non-null value when exiting constructor. Consider adding the 'required' modifier or declaring the property as nullable. [D:\FPT\SEP490\Project\sep-backend\ScanToOrder.Application\ScanToOrder.Application.csproj]
D:\FPT\SEP490\Project\sep-backend\ScanToOrder.Application\DTOs\Orders\KdsItemResponse.cs(12,23): warning CS8618: Non-nullable property 'Name' must contain a non-null value when exiting constructor. Consider adding the 'required' modifier or declaring the property as nullable. [D:\FPT\SEP490\Project\sep-backend\ScanToOrder.Application\ScanToOrder.Application.csproj]
D:\FPT\SEP490\Project\sep-backend\ScanToOrder.Application\DTOs\Orders\KdsItemResponse.cs(15,23): warning CS8618: Non-nullable property 'Image' must contain a non-null value when exiting constructor. Consider adding the 'required' modifier or declaring the property as nullable. [D:\FPT\SEP490\Project\sep-backend\ScanToOrder.Application\ScanToOrder.Application.csproj]
D:\FPT\SEP490\Project\sep-backend\ScanToOrder.Application\DTOs\NotifyTenant\CreateNotifyTenantDtoRequest.cs(6,27): warning CS8618: Non-nullable property 'TenantIds' must contain a non-null value when exiting constructor. Consider adding the 'required' modifier or declaring the property as nullable. [D:\FPT\SEP490\Project\sep-backend\ScanToOrder.Application\ScanToOrder.Application.csproj]
D:\FPT\SEP490\Project\sep-backend\ScanToOrder.Application\Services\NotifyTenantService.cs(105,33): warning CS8601: Possible null reference assignment. [D:\FPT\SEP490\Project\sep-backend\ScanToOrder.Application\ScanToOrder.Application.csproj]
D:\FPT\SEP490\Project\sep-backend\ScanToOrder.Application\DTOs\External\TaxValidationResponse.cs(16,23): warning CS8618: Non-nullable property 'FullName' must contain a non-null value when exiting constructor. Consider adding the 'required' modifier or declaring the property as nullable. [D:\FPT\SEP490\Project\sep-backend\ScanToOrder.Application\ScanToOrder.Application.csproj]
D:\FPT\SEP490\Project\sep-backend\ScanToOrder.Application\DTOs\External\TaxValidationResponse.cs(17,23): warning CS8618: Non-nullable property 'Status' must contain a non-null value when exiting constructor. Consider adding the 'required' modifier or declaring the property as nullable. [D:\FPT\SEP490\Project\sep-backend\ScanToOrder.Application\ScanToOrder.Application.csproj]
D:\FPT\SEP490\Project\sep-backend\ScanToOrder.Application\DTOs\External\TaxValidationResponse.cs(18,23): warning CS8618: Non-nullable property 'Representative' must contain a non-null value when exiting constructor. Consider adding the 'required' modifier or declaring the property as nullable. [D:\FPT\SEP490\Project\sep-backend\ScanToOrder.Application\ScanToOrder.Application.csproj]
D:\FPT\SEP490\Project\sep-backend\ScanToOrder.Application\DTOs\External\TaxValidationResponse.cs(19,23): warning CS8618: Non-nullable property 'ManagedBy' must contain a non-null value when exiting constructor. Consider adding the 'required' modifier or declaring the property as nullable. [D:\FPT\SEP490\Project\sep-backend\ScanToOrder.Application\ScanToOrder.Application.csproj]
D:\FPT\SEP490\Project\sep-backend\ScanToOrder.Application\DTOs\External\TaxValidationResponse.cs(5,23): warning CS8618: Non-nullable property 'status' must contain a non-null value when exiting constructor. Consider adding the 'required' modifier or declaring the property as nullable. [D:\FPT\SEP490\Project\sep-backend\ScanToOrder.Application\ScanToOrder.Application.csproj]
D:\FPT\SEP490\Project\sep-backend\ScanToOrder.Application\DTOs\External\TaxValidationResponse.cs(6,23): warning CS8618: Non-nullable property 'taxCode' must contain a non-null value when exiting constructor. Consider adding the 'required' modifier or declaring the property as nullable. [D:\FPT\SEP490\Project\sep-backend\ScanToOrder.Application\ScanToOrder.Application.csproj]
D:\FPT\SEP490\Project\sep-backend\ScanToOrder.Application\DTOs\External\TaxValidationResponse.cs(7,23): warning CS8618: Non-nullable property 'fullName' must contain a non-null value when exiting constructor. Consider adding the 'required' modifier or declaring the property as nullable. [D:\FPT\SEP490\Project\sep-backend\ScanToOrder.Application\ScanToOrder.Application.csproj]
D:\FPT\SEP490\Project\sep-backend\ScanToOrder.Application\DTOs\External\TaxValidationResponse.cs(8,23): warning CS8618: Non-nullable property 'taxStatus' must contain a non-null value when exiting constructor. Consider adding the 'required' modifier or declaring the property as nullable. [D:\FPT\SEP490\Project\sep-backend\ScanToOrder.Application\ScanToOrder.Application.csproj]
D:\FPT\SEP490\Project\sep-backend\ScanToOrder.Application\DTOs\External\TaxValidationResponse.cs(9,43): warning CS8618: Non-nullable property 'raw' must contain a non-null value when exiting constructor. Consider adding the 'required' modifier or declaring the property as nullable. [D:\FPT\SEP490\Project\sep-backend\ScanToOrder.Application\ScanToOrder.Application.csproj]
D:\FPT\SEP490\Project\sep-backend\ScanToOrder.Application\DTOs\External\SePayWebhookDto.cs(11,19): warning CS8618: Non-nullable property 'Gateway' must contain a non-null value when exiting constructor. Consider adding the 'required' modifier or declaring the property as nullable. [D:\FPT\SEP490\Project\sep-backend\ScanToOrder.Application\ScanToOrder.Application.csproj]
D:\FPT\SEP490\Project\sep-backend\ScanToOrder.Application\DTOs\External\SePayWebhookDto.cs(14,19): warning CS8618: Non-nullable property 'TransactionDate' must contain a non-null value when exiting constructor. Consider adding the 'required' modifier or declaring the property as nullable. [D:\FPT\SEP490\Project\sep-backend\ScanToOrder.Application\ScanToOrder.Application.csproj]
D:\FPT\SEP490\Project\sep-backend\ScanToOrder.Application\DTOs\External\SePayWebhookDto.cs(17,19): warning CS8618: Non-nullable property 'AccountNumber' must contain a non-null value when exiting constructor. Consider adding the 'required' modifier or declaring the property as nullable. [D:\FPT\SEP490\Project\sep-backend\ScanToOrder.Application\ScanToOrder.Application.csproj]
D:\FPT\SEP490\Project\sep-backend\ScanToOrder.Application\DTOs\External\SePayWebhookDto.cs(23,19): warning CS8618: Non-nullable property 'Content' must contain a non-null value when exiting constructor. Consider adding the 'required' modifier or declaring the property as nullable. [D:\FPT\SEP490\Project\sep-backend\ScanToOrder.Application\ScanToOrder.Application.csproj]
D:\FPT\SEP490\Project\sep-backend\ScanToOrder.Application\DTOs\External\SePayWebhookDto.cs(26,19): warning CS8618: Non-nullable property 'TransferType' must contain a non-null value when exiting constructor. Consider adding the 'required' modifier or declaring the property as nullable. [D:\FPT\SEP490\Project\sep-backend\ScanToOrder.Application\ScanToOrder.Application.csproj]
D:\FPT\SEP490\Project\sep-backend\ScanToOrder.Application\DTOs\External\BankLookResponse.cs(13,19): warning CS8618: Non-nullable property 'OwnerName' must contain a non-null value when exiting constructor. Consider adding the 'required' modifier or declaring the property as nullable. [D:\FPT\SEP490\Project\sep-backend\ScanToOrder.Application\ScanToOrder.Application.csproj]
D:\FPT\SEP490\Project\sep-backend\ScanToOrder.Application\DTOs\External\BankLookResponse.cs(7,25): warning CS8618: Non-nullable property 'Data' must contain a non-null value when exiting constructor. Consider adding the 'required' modifier or declaring the property as nullable. [D:\FPT\SEP490\Project\sep-backend\ScanToOrder.Application\ScanToOrder.Application.csproj]
D:\FPT\SEP490\Project\sep-backend\ScanToOrder.Application\DTOs\External\BankLookResponse.cs(8,19): warning CS8618: Non-nullable property 'Msg' must contain a non-null value when exiting constructor. Consider adding the 'required' modifier or declaring the property as nullable. [D:\FPT\SEP490\Project\sep-backend\ScanToOrder.Application\ScanToOrder.Application.csproj]
D:\FPT\SEP490\Project\sep-backend\ScanToOrder.Application\DTOs\Email\SendEmailRequest.cs(5,23): warning CS8618: Non-nullable property 'From' must contain a non-null value when exiting constructor. Consider adding the 'required' modifier or declaring the property as nullable. [D:\FPT\SEP490\Project\sep-backend\ScanToOrder.Application\ScanToOrder.Application.csproj]
D:\FPT\SEP490\Project\sep-backend\ScanToOrder.Application\Services\TenantService.cs(145,24): warning CS8602: Dereference of a possibly null reference. [D:\FPT\SEP490\Project\sep-backend\ScanToOrder.Application\ScanToOrder.Application.csproj]
D:\FPT\SEP490\Project\sep-backend\ScanToOrder.Application\Services\TenantService.cs(160,59): warning CS8604: Possible null reference argument for parameter 'text' in 'string BankQrLinkUtils.RemoveVietnameseTones(string text)'. [D:\FPT\SEP490\Project\sep-backend\ScanToOrder.Application\ScanToOrder.Application.csproj]
D:\FPT\SEP490\Project\sep-backend\ScanToOrder.Application\Services\DishService.cs(137,35): error CS0019: Operator '!=' cannot be applied to operands of type 'method group' and 'int' [D:\FPT\SEP490\Project\sep-backend\ScanToOrder.Application\ScanToOrder.Application.csproj]
D:\FPT\SEP490\Project\sep-backend\ScanToOrder.Application\Services\SubscriptionService.cs(200,26): warning CS0168: The variable 'ex' is declared but never used [D:\FPT\SEP490\Project\sep-backend\ScanToOrder.Application\ScanToOrder.Application.csproj]
D:\FPT\SEP490\Project\sep-backend\ScanToOrder.Application\Services\RestaurantService.cs(388,24): warning CS8603: Possible null reference return. [D:\FPT\SEP490\Project\sep-backend\ScanToOrder.Application\ScanToOrder.Application.csproj]

Build FAILED.

D:\FPT\SEP490\Project\sep-backend\ScanToOrder.Application\DTOs\SystemBlog\AddSystemBlogDtoResponse.cs(11,29): warning CS0109: The member 'AddSystemBlogDtoResponse.CreatedAt' does not hide an accessible member. The new keyword is not required. [D:\FPT\SEP490\Project\sep-backend\ScanToOrder.Application\ScanToOrder.Application.csproj]
D:\FPT\SEP490\Project\sep-backend\ScanToOrder.Application\DTOs\SystemBlog\AddSystemBlogDtoResponse.cs(12,29): warning CS0109: The member 'AddSystemBlogDtoResponse.UpdatedAt' does not hide an accessible member. The new keyword is not required. [D:\FPT\SEP490\Project\sep-backend\ScanToOrder.Application\ScanToOrder.Application.csproj]
D:\FPT\SEP490\Project\sep-backend\ScanToOrder.Application\DTOs\SystemBlog\BlogDetailDto.cs(10,29): warning CS0109: The member 'BlogDetailDto.CreatedAt' does not hide an accessible member. The new keyword is not required. [D:\FPT\SEP490\Project\sep-backend\ScanToOrder.Application\ScanToOrder.Application.csproj]
D:\FPT\SEP490\Project\sep-backend\ScanToOrder.Application\DTOs\SystemBlog\BlogDetailDto.cs(11,29): warning CS0109: The member 'BlogDetailDto.UpdatedAt' does not hide an accessible member. The new keyword is not required. [D:\FPT\SEP490\Project\sep-backend\ScanToOrder.Application\ScanToOrder.Application.csproj]
D:\FPT\SEP490\Project\sep-backend\ScanToOrder.Application\DTOs\SystemBlog\SystemBlogDto.cs(9,29): warning CS0109: The member 'SystemBlogDto.CreatedAt' does not hide an accessible member. The new keyword is not required. [D:\FPT\SEP490\Project\sep-backend\ScanToOrder.Application\ScanToOrder.Application.csproj]
D:\FPT\SEP490\Project\sep-backend\ScanToOrder.Application\DTOs\SystemBlog\SystemBlogDto.cs(10,29): warning CS0109: The member 'SystemBlogDto.UpdatedAt' does not hide an accessible member. The new keyword is not required. [D:\FPT\SEP490\Project\sep-backend\ScanToOrder.Application\ScanToOrder.Application.csproj]
D:\FPT\SEP490\Project\sep-backend\ScanToOrder.Application\DTOs\User\VerifyForgotPasswordOtpRequest.cs(5,23): warning CS8618: Non-nullable property 'OtpCode' must contain a non-null value when exiting constructor. Consider adding the 'required' modifier or declaring the property as nullable. [D:\FPT\SEP490\Project\sep-backend\ScanToOrder.Application\ScanToOrder.Application.csproj]
D:\FPT\SEP490\Project\sep-backend\ScanToOrder.Application\DTOs\User\VerifyForgotPasswordOtpRequest.cs(6,23): warning CS8618: Non-nullable property 'Email' must contain a non-null value when exiting constructor. Consider adding the 'required' modifier or declaring the property as nullable. [D:\FPT\SEP490\Project\sep-backend\ScanToOrder.Application\ScanToOrder.Application.csproj]
D:\FPT\SEP490\Project\sep-backend\ScanToOrder.Application\DTOs\SystemBlog\AddSystemBlogDtoResponse.cs(16,23): warning CS8618: Non-nullable property 'ThumbnailUrl' must contain a non-null value when exiting constructor. Consider adding the 'required' modifier or declaring the property as nullable. [D:\FPT\SEP490\Project\sep-backend\ScanToOrder.Application\ScanToOrder.Application.csproj]
D:\FPT\SEP490\Project\sep-backend\ScanToOrder.Application\Services\AuthService.cs(155,73): warning CS8602: Dereference of a possibly null reference. [D:\FPT\SEP490\Project\sep-backend\ScanToOrder.Application\ScanToOrder.Application.csproj]
D:\FPT\SEP490\Project\sep-backend\ScanToOrder.Application\Services\AuthService.cs(158,39): warning CS8602: Dereference of a possibly null reference. [D:\FPT\SEP490\Project\sep-backend\ScanToOrder.Application\ScanToOrder.Application.csproj]
D:\FPT\SEP490\Project\sep-backend\ScanToOrder.Application\DTOs\Restaurant\AssignPresentCashierDto.cs(12,23): warning CS8618: Non-nullable property 'CashierName' must contain a non-null value when exiting constructor. Consider adding the 'required' modifier or declaring the property as nullable. [D:\FPT\SEP490\Project\sep-backend\ScanToOrder.Application\ScanToOrder.Application.csproj]
D:\FPT\SEP490\Project\sep-backend\ScanToOrder.Application\DTOs\Plan\CheckoutPreviewItemResponse.cs(8,19): warning CS8618: Non-nullable property 'RestaurantName' must contain a non-null value when exiting constructor. Consider adding the 'required' modifier or declaring the property as nullable. [D:\FPT\SEP490\Project\sep-backend\ScanToOrder.Application\ScanToOrder.Application.csproj]
D:\FPT\SEP490\Project\sep-backend\ScanToOrder.Application\DTOs\Plan\CheckoutPreviewItemResponse.cs(12,19): warning CS8618: Non-nullable property 'TargetPlanName' must contain a non-null value when exiting constructor. Consider adding the 'required' modifier or declaring the property as nullable. [D:\FPT\SEP490\Project\sep-backend\ScanToOrder.Application\ScanToOrder.Application.csproj]
D:\FPT\SEP490\Project\sep-backend\ScanToOrder.Application\DTOs\Plan\CheckoutPreviewItemResponse.cs(20,19): warning CS8618: Non-nullable property 'Message' must contain a non-null value when exiting constructor. Consider adding the 'required' modifier or declaring the property as nullable. [D:\FPT\SEP490\Project\sep-backend\ScanToOrder.Application\ScanToOrder.Application.csproj]
D:\FPT\SEP490\Project\sep-backend\ScanToOrder.Application\DTOs\Payment\PaymentResult.cs(7,19): warning CS8618: Non-nullable property 'Reference' must contain a non-null value when exiting constructor. Consider adding the 'required' modifier or declaring the property as nullable. [D:\FPT\SEP490\Project\sep-backend\ScanToOrder.Application\ScanToOrder.Application.csproj]
D:\FPT\SEP490\Project\sep-backend\ScanToOrder.Application\DTOs\Payment\PaymentResult.cs(8,19): warning CS8618: Non-nullable property 'CounterAccountName' must contain a non-null value when exiting constructor. Consider adding the 'required' modifier or declaring the property as nullable. [D:\FPT\SEP490\Project\sep-backend\ScanToOrder.Application\ScanToOrder.Application.csproj]
D:\FPT\SEP490\Project\sep-backend\ScanToOrder.Application\DTOs\Payment\PaymentResult.cs(9,19): warning CS8618: Non-nullable property 'BankBin' must contain a non-null value when exiting constructor. Consider adding the 'required' modifier or declaring the property as nullable. [D:\FPT\SEP490\Project\sep-backend\ScanToOrder.Application\ScanToOrder.Application.csproj]
D:\FPT\SEP490\Project\sep-backend\ScanToOrder.Application\DTOs\Payment\PaymentResult.cs(10,19): warning CS8618: Non-nullable property 'AccountNumber' must contain a non-null value when exiting constructor. Consider adding the 'required' modifier or declaring the property as nullable. [D:\FPT\SEP490\Project\sep-backend\ScanToOrder.Application\ScanToOrder.Application.csproj]
D:\FPT\SEP490\Project\sep-backend\ScanToOrder.Application\DTOs\Payment\PaymentResult.cs(11,19): warning CS8618: Non-nullable property 'Description' must contain a non-null value when exiting constructor. Consider adding the 'required' modifier or declaring the property as nullable. [D:\FPT\SEP490\Project\sep-backend\ScanToOrder.Application\ScanToOrder.Application.csproj]
D:\FPT\SEP490\Project\sep-backend\ScanToOrder.Application\DTOs\Otp\OtpRedisModel.cs(5,23): warning CS8618: Non-nullable property 'OtpCode' must contain a non-null value when exiting constructor. Consider adding the 'required' modifier or declaring the property as nullable. [D:\FPT\SEP490\Project\sep-backend\ScanToOrder.Application\ScanToOrder.Application.csproj]
D:\FPT\SEP490\Project\sep-backend\ScanToOrder.Application\DTOs\Otp\OtpRedisModel.cs(6,23): warning CS8618: Non-nullable property 'Purpose' must contain a non-null value when exiting constructor. Consider adding the 'required' modifier or declaring the property as nullable. [D:\FPT\SEP490\Project\sep-backend\ScanToOrder.Application\ScanToOrder.Application.csproj]
D:\FPT\SEP490\Project\sep-backend\ScanToOrder.Application\DTOs\Other\PagedResult.cs(5,31): warning CS8618: Non-nullable property 'Items' must contain a non-null value when exiting constructor. Consider adding the 'required' modifier or declaring the property as nullable. [D:\FPT\SEP490\Project\sep-backend\ScanToOrder.Application\ScanToOrder.Application.csproj]
D:\FPT\SEP490\Project\sep-backend\ScanToOrder.Application\DTOs\Orders\KdsOrderResponse.cs(11,23): warning CS8618: Non-nullable property 'Id' must contain a non-null value when exiting constructor. Consider adding the 'required' modifier or declaring the property as nullable. [D:\FPT\SEP490\Project\sep-backend\ScanToOrder.Application\ScanToOrder.Application.csproj]
D:\FPT\SEP490\Project\sep-backend\ScanToOrder.Application\DTOs\Orders\KdsOrderResponse.cs(12,23): warning CS8618: Non-nullable property 'Phone' must contain a non-null value when exiting constructor. Consider adding the 'required' modifier or declaring the property as nullable. [D:\FPT\SEP490\Project\sep-backend\ScanToOrder.Application\ScanToOrder.Application.csproj]
D:\FPT\SEP490\Project\sep-backend\ScanToOrder.Application\DTOs\Orders\KdsOrderResponse.cs(20,38): warning CS8618: Non-nullable property 'Items' must contain a non-null value when exiting constructor. Consider adding the 'required' modifier or declaring the property as nullable. [D:\FPT\SEP490\Project\sep-backend\ScanToOrder.Application\ScanToOrder.Application.csproj]
D:\FPT\SEP490\Project\sep-backend\ScanToOrder.Application\DTOs\Orders\KdsItemResponse.cs(11,23): warning CS8618: Non-nullable property 'Id' must contain a non-null value when exiting constructor. Consider adding the 'required' modifier or declaring the property as nullable. [D:\FPT\SEP490\Project\sep-backend\ScanToOrder.Application\ScanToOrder.Application.csproj]
D:\FPT\SEP490\Project\sep-backend\ScanToOrder.Application\DTOs\Orders\KdsItemResponse.cs(12,23): warning CS8618: Non-nullable property 'Name' must contain a non-null value when exiting constructor. Consider adding the 'required' modifier or declaring the property as nullable. [D:\FPT\SEP490\Project\sep-backend\ScanToOrder.Application\ScanToOrder.Application.csproj]
D:\FPT\SEP490\Project\sep-backend\ScanToOrder.Application\DTOs\Orders\KdsItemResponse.cs(15,23): warning CS8618: Non-nullable property 'Image' must contain a non-null value when exiting constructor. Consider adding the 'required' modifier or declaring the property as nullable. [D:\FPT\SEP490\Project\sep-backend\ScanToOrder.Application\ScanToOrder.Application.csproj]
D:\FPT\SEP490\Project\sep-backend\ScanToOrder.Application\DTOs\NotifyTenant\CreateNotifyTenantDtoRequest.cs(6,27): warning CS8618: Non-nullable property 'TenantIds' must contain a non-null value when exiting constructor. Consider adding the 'required' modifier or declaring the property as nullable. [D:\FPT\SEP490\Project\sep-backend\ScanToOrder.Application\ScanToOrder.Application.csproj]
D:\FPT\SEP490\Project\sep-backend\ScanToOrder.Application\Services\NotifyTenantService.cs(105,33): warning CS8601: Possible null reference assignment. [D:\FPT\SEP490\Project\sep-backend\ScanToOrder.Application\ScanToOrder.Application.csproj]
D:\FPT\SEP490\Project\sep-backend\ScanToOrder.Application\DTOs\External\TaxValidationResponse.cs(16,23): warning CS8618: Non-nullable property 'FullName' must contain a non-null value when exiting constructor. Consider adding the 'required' modifier or declaring the property as nullable. [D:\FPT\SEP490\Project\sep-backend\ScanToOrder.Application\ScanToOrder.Application.csproj]
D:\FPT\SEP490\Project\sep-backend\ScanToOrder.Application\DTOs\External\TaxValidationResponse.cs(17,23): warning CS8618: Non-nullable property 'Status' must contain a non-null value when exiting constructor. Consider adding the 'required' modifier or declaring the property as nullable. [D:\FPT\SEP490\Project\sep-backend\ScanToOrder.Application\ScanToOrder.Application.csproj]
D:\FPT\SEP490\Project\sep-backend\ScanToOrder.Application\DTOs\External\TaxValidationResponse.cs(18,23): warning CS8618: Non-nullable property 'Representative' must contain a non-null value when exiting constructor. Consider adding the 'required' modifier or declaring the property as nullable. [D:\FPT\SEP490\Project\sep-backend\ScanToOrder.Application\ScanToOrder.Application.csproj]
D:\FPT\SEP490\Project\sep-backend\ScanToOrder.Application\DTOs\External\TaxValidationResponse.cs(19,23): warning CS8618: Non-nullable property 'ManagedBy' must contain a non-null value when exiting constructor. Consider adding the 'required' modifier or declaring the property as nullable. [D:\FPT\SEP490\Project\sep-backend\ScanToOrder.Application\ScanToOrder.Application.csproj]
D:\FPT\SEP490\Project\sep-backend\ScanToOrder.Application\DTOs\External\TaxValidationResponse.cs(5,23): warning CS8618: Non-nullable property 'status' must contain a non-null value when exiting constructor. Consider adding the 'required' modifier or declaring the property as nullable. [D:\FPT\SEP490\Project\sep-backend\ScanToOrder.Application\ScanToOrder.Application.csproj]
D:\FPT\SEP490\Project\sep-backend\ScanToOrder.Application\DTOs\External\TaxValidationResponse.cs(6,23): warning CS8618: Non-nullable property 'taxCode' must contain a non-null value when exiting constructor. Consider adding the 'required' modifier or declaring the property as nullable. [D:\FPT\SEP490\Project\sep-backend\ScanToOrder.Application\ScanToOrder.Application.csproj]
D:\FPT\SEP490\Project\sep-backend\ScanToOrder.Application\DTOs\External\TaxValidationResponse.cs(7,23): warning CS8618: Non-nullable property 'fullName' must contain a non-null value when exiting constructor. Consider adding the 'required' modifier or declaring the property as nullable. [D:\FPT\SEP490\Project\sep-backend\ScanToOrder.Application\ScanToOrder.Application.csproj]
D:\FPT\SEP490\Project\sep-backend\ScanToOrder.Application\DTOs\External\TaxValidationResponse.cs(8,23): warning CS8618: Non-nullable property 'taxStatus' must contain a non-null value when exiting constructor. Consider adding the 'required' modifier or declaring the property as nullable. [D:\FPT\SEP490\Project\sep-backend\ScanToOrder.Application\ScanToOrder.Application.csproj]
D:\FPT\SEP490\Project\sep-backend\ScanToOrder.Application\DTOs\External\TaxValidationResponse.cs(9,43): warning CS8618: Non-nullable property 'raw' must contain a non-null value when exiting constructor. Consider adding the 'required' modifier or declaring the property as nullable. [D:\FPT\SEP490\Project\sep-backend\ScanToOrder.Application\ScanToOrder.Application.csproj]
D:\FPT\SEP490\Project\sep-backend\ScanToOrder.Application\DTOs\External\SePayWebhookDto.cs(11,19): warning CS8618: Non-nullable property 'Gateway' must contain a non-null value when exiting constructor. Consider adding the 'required' modifier or declaring the property as nullable. [D:\FPT\SEP490\Project\sep-backend\ScanToOrder.Application\ScanToOrder.Application.csproj]
D:\FPT\SEP490\Project\sep-backend\ScanToOrder.Application\DTOs\External\SePayWebhookDto.cs(14,19): warning CS8618: Non-nullable property 'TransactionDate' must contain a non-null value when exiting constructor. Consider adding the 'required' modifier or declaring the property as nullable. [D:\FPT\SEP490\Project\sep-backend\ScanToOrder.Application\ScanToOrder.Application.csproj]
D:\FPT\SEP490\Project\sep-backend\ScanToOrder.Application\DTOs\External\SePayWebhookDto.cs(17,19): warning CS8618: Non-nullable property 'AccountNumber' must contain a non-null value when exiting constructor. Consider adding the 'required' modifier or declaring the property as nullable. [D:\FPT\SEP490\Project\sep-backend\ScanToOrder.Application\ScanToOrder.Application.csproj]
D:\FPT\SEP490\Project\sep-backend\ScanToOrder.Application\DTOs\External\SePayWebhookDto.cs(23,19): warning CS8618: Non-nullable property 'Content' must contain a non-null value when exiting constructor. Consider adding the 'required' modifier or declaring the property as nullable. [D:\FPT\SEP490\Project\sep-backend\ScanToOrder.Application\ScanToOrder.Application.csproj]
D:\FPT\SEP490\Project\sep-backend\ScanToOrder.Application\DTOs\External\SePayWebhookDto.cs(26,19): warning CS8618: Non-nullable property 'TransferType' must contain a non-null value when exiting constructor. Consider adding the 'required' modifier or declaring the property as nullable. [D:\FPT\SEP490\Project\sep-backend\ScanToOrder.Application\ScanToOrder.Application.csproj]
D:\FPT\SEP490\Project\sep-backend\ScanToOrder.Application\DTOs\External\BankLookResponse.cs(13,19): warning CS8618: Non-nullable property 'OwnerName' must contain a non-null value when exiting constructor. Consider adding the 'required' modifier or declaring the property as nullable. [D:\FPT\SEP490\Project\sep-backend\ScanToOrder.Application\ScanToOrder.Application.csproj]
D:\FPT\SEP490\Project\sep-backend\ScanToOrder.Application\DTOs\External\BankLookResponse.cs(7,25): warning CS8618: Non-nullable property 'Data' must contain a non-null value when exiting constructor. Consider adding the 'required' modifier or declaring the property as nullable. [D:\FPT\SEP490\Project\sep-backend\ScanToOrder.Application\ScanToOrder.Application.csproj]
D:\FPT\SEP490\Project\sep-backend\ScanToOrder.Application\DTOs\External\BankLookResponse.cs(8,19): warning CS8618: Non-nullable property 'Msg' must contain a non-null value when exiting constructor. Consider adding the 'required' modifier or declaring the property as nullable. [D:\FPT\SEP490\Project\sep-backend\ScanToOrder.Application\ScanToOrder.Application.csproj]
D:\FPT\SEP490\Project\sep-backend\ScanToOrder.Application\DTOs\Email\SendEmailRequest.cs(5,23): warning CS8618: Non-nullable property 'From' must contain a non-null value when exiting constructor. Consider adding the 'required' modifier or declaring the property as nullable. [D:\FPT\SEP490\Project\sep-backend\ScanToOrder.Application\ScanToOrder.Application.csproj]
D:\FPT\SEP490\Project\sep-backend\ScanToOrder.Application\Services\TenantService.cs(145,24): warning CS8602: Dereference of a possibly null reference. [D:\FPT\SEP490\Project\sep-backend\ScanToOrder.Application\ScanToOrder.Application.csproj]
D:\FPT\SEP490\Project\sep-backend\ScanToOrder.Application\Services\TenantService.cs(160,59): warning CS8604: Possible null reference argument for parameter 'text' in 'string BankQrLinkUtils.RemoveVietnameseTones(string text)'. [D:\FPT\SEP490\Project\sep-backend\ScanToOrder.Application\ScanToOrder.Application.csproj]
D:\FPT\SEP490\Project\sep-backend\ScanToOrder.Application\Services\SubscriptionService.cs(200,26): warning CS0168: The variable 'ex' is declared but never used [D:\FPT\SEP490\Project\sep-backend\ScanToOrder.Application\ScanToOrder.Application.csproj]
D:\FPT\SEP490\Project\sep-backend\ScanToOrder.Application\Services\RestaurantService.cs(388,24): warning CS8603: Possible null reference return. [D:\FPT\SEP490\Project\sep-backend\ScanToOrder.Application\ScanToOrder.Application.csproj]
D:\FPT\SEP490\Project\sep-backend\ScanToOrder.Application\Services\DishService.cs(137,35): error CS0019: Operator '!=' cannot be applied to operands of type 'method group' and 'int' [D:\FPT\SEP490\Project\sep-backend\ScanToOrder.Application\ScanToOrder.Application.csproj]
    53 Warning(s)
    1 Error(s)

Time Elapsed 00:00:01.90

Workload updates are available. Run `dotnet workload list` for more information.
